.next/dev/types/validator.ts(207,31): error TS2344: Type 'typeof import("C:/Users/Ranjit Kadam/Documents/Projects/AlgoSensei/src/app/api/contest/question/[id]/route")' does not satisfy the constraint 'RouteHandlerConfig<"/api/contest/question/[id]">'.
  Types of property 'GET' are incompatible.
    Type '(request: Request, { params }: { params: { id: string; }; }) => Promise<NextResponse<{ error: string; }> | NextResponse<{ success: boolean; question: DocumentData; }>>' is not assignable to type '(request: NextRequest, context: { params: Promise<{ id: string; }>; }) => void | Response | Promise<void | Response>'.
      Types of parameters '__1' and 'context' are incompatible.
        Type '{ params: Promise<{ id: string; }>; }' is not assignable to type '{ params: { id: string; }; }'.
          Types of property 'params' are incompatible.
            Property 'id' is missing in type 'Promise<{ id: string; }>' but required in type '{ id: string; }'.
src/app/contests/[contestId]/page.tsx(246,37): error TS2322: Type 'Question | undefined' is not assignable to type 'Question'.
  Type 'undefined' is not assignable to type 'Question'.
src/app/contests/page.tsx(7,20): error TS2307: Cannot find module '@/components/layout/Navbar' or its corresponding type declarations.
